更新日志
源:Lisselde.E@outlook.com
————————————————————————
2026.5.13 R1
- 初次构建软件实现基本功能
- 解决了差异文件的同步问题
- 优化了窗口的显示效果
- 解决了同目录同步的多次询问问题
- 移除了程序多余的弹窗优化使用体验
————————————————————————
2026.5.14 R2
- 新增了同步项目的忽略项配置
- 优化了添加忽略项后的使用体验
- 新增同步时的详细进度条显示
————————————————————————
2026.5.14 R2-2
- 更新了软件的名称
————————————————————————
2026.5.15 R3
- 修复了软件配置路径存在的问题
————————————————————————
2026.5.16 R4
- 全面优化升级了同步逻辑算法
- 修复了大目录同步时出现的多文件询问框的bug
————————————————————————
2026.5.28 R5
- 修复了程序会跳过空文件夹的问题
- 优化统一了弹窗界面样式
- 修复了部分逻辑存在的问题
————————————————————————
2026.5.28 R6
- 修复了同步逻辑中存在的问题
- 修复了忽略逻辑的异常处理
————————————————————————
2026.5.28 R7
- 新增**/全局文件夹排除项
- 修复同步时属性丢失的问题
————————————————————————
2026.6.4 R8
- 新增界面中文/英文切换
- 为所有元素适配了英文模式
- 新增"最新优先"同步模式
- 修复了按钮的显示逻辑，优化细节
- 修复了部分界面元素的更新逻辑
- 更新了config配置文件的结构来适配新内容
- 新增"取消本次同步"按钮，一键终止同步流程
- 修复取消同步后已选择状态未清除的问题
- 表格同步操作列实时刷新状态
————————————————————————
2026.6.4 R9
- 修复高DPI缩放问题(150%缩放界面过大)
- 最新优先模式下自动隐藏同步规则按钮
- 调整按钮布局顺序，模式切换按钮紧邻同步按钮
- 优化界面在高分辨率显示器上的显示效果
————————————————————————
2026.6.6 R10
- 新增！单向同步模式以及附属设置项
- 新增模式切换时的自刷新
- 优化界面按钮的显示逻辑
- 修复了对文件路径读取的逻辑
- 修复了同步文件时的弹窗逻辑与选项内容
- 完整规范了文件同步逻辑
- 完整重构了文件的删除逻辑与父级空目录的处理逻辑
- 添加了同步确认窗缺少的统计条目
- 新增了界面按钮元素的过渡动画与点击效果
- 新增了检查更新的功能
————————————————————————
2026.6.27 R11
- 由pyqt5转为pyside6
- 重构界面布局以及部分样式
- 修复了切换界面框架导致的显示异常错误
- 新增双端名称自定义功能
- 修复了语言切换按钮文字、图标显示不全的异常
- 
————————————————————————